// Vitest Snapshot v1, https://vitest.dev/guide/snapshot.html

exports[`Indicator > matches the snapshot 1`] = `
<DocumentFragment>
  <span
    class="relative flex h-4 w-4"
    role="status"
  >
    <span
      class="absolute inline-flex h-full w-full animate-ping rounded-full bg-green-400 opacity-75"
    />
    <span
      class="relative inline-flex h-4 w-4 rounded-full bg-green-500"
    />
  </span>
</DocumentFragment>
`;
